0 verbose cli C:\Program Files\nodejs\node.exe C:\Program Files\nodejs\node_modules\npm\bin\npm-cli.js
1 info using npm@11.17.0
2 info using node@v24.19.0
3 silly config load:file:C:\Program Files\nodejs\node_modules\npm\npmrc
4 silly config load:file:C:\SIH26142-SRM\frontend\.npmrc
5 silly config load:file:C:\Users\VICTUS\.npmrc
6 silly config load:file:C:\Users\VICTUS\AppData\Roaming\npm\etc\npmrc
7 verbose title npm install
8 verbose argv "install" "--cache" ".npm-cache"
9 verbose logfile logs-max:10 dir:C:\SIH26142-SRM\frontend\.npm-cache\_logs\2026-08-27T13_30_07_337Z-
10 verbose logfile C:\SIH26142-SRM\frontend\.npm-cache\_logs\2026-08-27T13_30_07_337Z-debug-0.log
11 silly logfile done cleaning log files
12 silly packumentCache heap:4496293888 maxSize:1124073472 maxEntrySize:562036736
13 verbose shrinkwrap failed to load node_modules/.package-lock.json out of date, updated: node_modules
14 silly idealTree buildDeps
15 silly reify moves {}
16 silly audit bulk request {
16 silly audit   '@oxc-project/types': [ '0.147.0' ],
16 silly audit   '@reduxjs/toolkit': [ '2.12.0' ],
16 silly audit   '@rolldown/binding-android-arm-eabi': [ '1.2.6' ],
16 silly audit   '@rolldown/binding-android-arm64': [ '1.2.6' ],
16 silly audit   '@rolldown/binding-darwin-arm64': [ '1.2.6' ],
16 silly audit   '@rolldown/binding-darwin-x64': [ '1.2.6' ],
16 silly audit   '@rolldown/binding-freebsd-x64': [ '1.2.6' ],
16 silly audit   '@rolldown/binding-linux-arm-gnueabihf': [ '1.2.6' ],
16 silly audit   '@rolldown/binding-linux-arm64-gnu': [ '1.2.6' ],
16 silly audit   '@rolldown/binding-linux-arm64-musl': [ '1.2.6' ],
16 silly audit   '@rolldown/binding-linux-ppc64-gnu': [ '1.2.6' ],
16 silly audit   '@rolldown/binding-linux-s390x-gnu': [ '1.2.6' ],
16 silly audit   '@rolldown/binding-linux-x64-gnu': [ '1.2.6' ],
16 silly audit   '@rolldown/binding-linux-x64-musl': [ '1.2.6' ],
16 silly audit   '@rolldown/binding-openharmony-arm64': [ '1.2.6' ],
16 silly audit   '@rolldown/binding-win32-arm64-msvc': [ '1.2.6' ],
16 silly audit   '@rolldown/binding-win32-x64-msvc': [ '1.2.6' ],
16 silly audit   '@rolldown/pluginutils': [ '1.0.1' ],
16 silly audit   '@standard-schema/spec': [ '1.1.0' ],
16 silly audit   '@standard-schema/utils': [ '0.3.0' ],
16 silly audit   '@types/d3-array': [ '3.2.2' ],
16 silly audit   '@types/d3-color': [ '3.1.3' ],
16 silly audit   '@types/d3-ease': [ '3.0.2' ],
16 silly audit   '@types/d3-interpolate': [ '3.0.4' ],
16 silly audit   '@types/d3-path': [ '3.1.1' ],
16 silly audit   '@types/d3-scale': [ '4.0.9' ],
16 silly audit   '@types/d3-shape': [ '3.2.0' ],
16 silly audit   '@types/d3-time': [ '3.0.4' ],
16 silly audit   '@types/d3-timer': [ '3.0.2' ],
16 silly audit   '@types/react': [ '19.2.18' ],
16 silly audit   '@types/react-dom': [ '19.2.5' ],
16 silly audit   '@types/use-sync-external-store': [ '0.0.6' ],
16 silly audit   '@typescript/typescript-aix-ppc64': [ '7.0.2' ],
16 silly audit   '@typescript/typescript-darwin-arm64': [ '7.0.2' ],
16 silly audit   '@typescript/typescript-darwin-x64': [ '7.0.2' ],
16 silly audit   '@typescript/typescript-freebsd-arm64': [ '7.0.2' ],
16 silly audit   '@typescript/typescript-freebsd-x64': [ '7.0.2' ],
16 silly audit   '@typescript/typescript-linux-arm': [ '7.0.2' ],
16 silly audit   '@typescript/typescript-linux-arm64': [ '7.0.2' ],
16 silly audit   '@typescript/typescript-linux-loong64': [ '7.0.2' ],
16 silly audit   '@typescript/typescript-linux-mips64el': [ '7.0.2' ],
16 silly audit   '@typescript/typescript-linux-ppc64': [ '7.0.2' ],
16 silly audit   '@typescript/typescript-linux-riscv64': [ '7.0.2' ],
16 silly audit   '@typescript/typescript-linux-s390x': [ '7.0.2' ],
16 silly audit   '@typescript/typescript-linux-x64': [ '7.0.2' ],
16 silly audit   '@typescript/typescript-netbsd-arm64': [ '7.0.2' ],
16 silly audit   '@typescript/typescript-netbsd-x64': [ '7.0.2' ],
16 silly audit   '@typescript/typescript-openbsd-arm64': [ '7.0.2' ],
16 silly audit   '@typescript/typescript-openbsd-x64': [ '7.0.2' ],
16 silly audit   '@typescript/typescript-sunos-x64': [ '7.0.2' ],
16 silly audit   '@typescript/typescript-win32-arm64': [ '7.0.2' ],
16 silly audit   '@typescript/typescript-win32-x64': [ '7.0.2' ],
16 silly audit   '@vitejs/plugin-react': [ '6.1.0' ],
16 silly audit   autoprefixer: [ '10.5.4' ],
16 silly audit   'baseline-browser-mapping': [ '2.11.19' ],
16 silly audit   browserslist: [ '4.28.8' ],
16 silly audit   'caniuse-lite': [ '1.0.30001810' ],
16 silly audit   clsx: [ '2.1.1' ],
16 silly audit   csstype: [ '3.2.3' ],
16 silly audit   'd3-array': [ '3.2.4' ],
16 silly audit   'd3-color': [ '3.1.0' ],
16 silly audit   'd3-ease': [ '3.0.1' ],
16 silly audit   'd3-format': [ '3.1.2' ],
16 silly audit   'd3-interpolate': [ '3.0.1' ],
16 silly audit   'd3-path': [ '3.1.0' ],
16 silly audit   'd3-scale': [ '4.0.2' ],
16 silly audit   'd3-shape': [ '3.2.0' ],
16 silly audit   'd3-time': [ '3.1.0' ],
16 silly audit   'd3-time-format': [ '4.1.0' ],
16 silly audit   'd3-timer': [ '3.0.1' ],
16 silly audit   'decimal.js-light': [ '2.5.1' ],
16 silly audit   'detect-libc': [ '2.1.2' ],
16 silly audit   'electron-to-chromium': [ '1.5.415' ],
16 silly audit   'es-toolkit': [ '1.51.0' ],
16 silly audit   escalade: [ '3.2.0' ],
16 silly audit   eventemitter3: [ '5.0.4' ],
16 silly audit   fdir: [ '6.5.0' ],
16 silly audit   'fraction.js': [ '5.3.4' ],
16 silly audit   fsevents: [ '2.3.3' ],
16 silly audit   immer: [ '11.1.18' ],
16 silly audit   internmap: [ '2.0.3' ],
16 silly audit   lightningcss: [ '1.33.0' ],
16 silly audit   'lightningcss-android-arm64': [ '1.33.0' ],
16 silly audit   'lightningcss-darwin-arm64': [ '1.33.0' ],
16 silly audit   'lightningcss-darwin-x64': [ '1.33.0' ],
16 silly audit   'lightningcss-freebsd-x64': [ '1.33.0' ],
16 silly audit   'lightningcss-linux-arm-gnueabihf': [ '1.33.0' ],
16 silly audit   'lightningcss-linux-arm64-gnu': [ '1.33.0' ],
16 silly audit   'lightningcss-linux-arm64-musl': [ '1.33.0' ],
16 silly audit   'lightningcss-linux-x64-gnu': [ '1.33.0' ],
16 silly audit   'lightningcss-linux-x64-musl': [ '1.33.0' ],
16 silly audit   'lightningcss-win32-arm64-msvc': [ '1.33.0' ],
16 silly audit   'lightningcss-win32-x64-msvc': [ '1.33.0' ],
16 silly audit   'lucide-react': [ '1.34.0' ],
16 silly audit   nanoid: [ '3.3.18' ],
16 silly audit   'node-releases': [ '2.0.53' ],
16 silly audit   picocolors: [ '1.1.1' ],
16 silly audit   picomatch: [ '4.0.7' ],
16 silly audit   postcss: [ '8.5.26' ],
16 silly audit   'postcss-value-parser': [ '4.2.0' ],
16 silly audit   react: [ '19.2.8' ],
16 silly audit   'react-dom': [ '19.2.8' ],
16 silly audit   'react-is': [ '19.2.8' ],
16 silly audit   'react-redux': [ '9.3.0' ],
16 silly audit   recharts: [ '3.10.1' ],
16 silly audit   redux: [ '5.0.1' ],
16 silly audit   'redux-thunk': [ '3.1.0' ],
16 silly audit   reselect: [ '5.2.0' ],
16 silly audit   rolldown: [ '1.2.6' ],
16 silly audit   scheduler: [ '0.27.0' ],
16 silly audit   'source-map-js': [ '1.2.1' ],
16 silly audit   tailwindcss: [ '4.3.3' ],
16 silly audit   'tiny-invariant': [ '1.3.3' ],
16 silly audit   tinyglobby: [ '0.2.17' ],
16 silly audit   typescript: [ '7.0.2' ],
16 silly audit   'update-browserslist-db': [ '1.3.1' ],
16 silly audit   'use-sync-external-store': [ '1.6.0' ],
16 silly audit   'victory-vendor': [ '37.3.6' ],
16 silly audit   vite: [ '8.2.2' ]
16 silly audit }
17 http fetch POST 200 https://registry.npmjs.org/-/npm/v1/security/advisories/bulk 631ms
18 silly audit report {}
19 verbose cwd C:\SIH26142-SRM\frontend
20 verbose os Windows_NT 10.0.26200
21 verbose node v24.19.0
22 verbose npm  v11.17.0
23 verbose exit 0
24 info ok
