0 verbose cli C:\Program Files\nodejs\node.exe C:\Program Files\nodejs\node_modules\npm\bin\npm-cli.js
1 info using npm@11.17.0
2 info using node@v24.19.0
3 silly config load:file:C:\Program Files\nodejs\node_modules\npm\npmrc
4 silly config load:file:C:\SIH26142-SRM\frontend\.npmrc
5 silly config load:file:C:\Users\VICTUS\.npmrc
6 silly config load:file:C:\Users\VICTUS\AppData\Roaming\npm\etc\npmrc
7 verbose title npm install
8 verbose argv "install" "--cache" ".npm-cache" "--no-audit" "--no-fund" "--loglevel" "error"
9 verbose logfile logs-max:10 dir:C:\SIH26142-SRM\frontend\.npm-cache\_logs\2026-08-26T17_39_09_136Z-
10 verbose logfile C:\SIH26142-SRM\frontend\.npm-cache\_logs\2026-08-26T17_39_09_136Z-debug-0.log
11 silly logfile done cleaning log files
12 silly packumentCache heap:4496293888 maxSize:1124073472 maxEntrySize:562036736
13 silly idealTree buildDeps
14 silly fetch manifest @vitejs/plugin-react@latest
15 silly packumentCache full:https://registry.npmjs.org/@vitejs%2fplugin-react cache-miss
16 http cache https://registry.npmjs.org/@vitejs%2fplugin-react 51ms (cache hit)
17 silly packumentCache full:https://registry.npmjs.org/@vitejs%2fplugin-react set size:280700 disposed:false
18 silly fetch manifest @rolldown/plugin-babel@^0.1.7 || ^0.2.0
19 silly packumentCache full:https://registry.npmjs.org/@rolldown%2fplugin-babel cache-miss
20 http cache https://registry.npmjs.org/@rolldown%2fplugin-babel 21ms (cache hit)
21 silly packumentCache full:https://registry.npmjs.org/@rolldown%2fplugin-babel set size:42135 disposed:false
22 silly fetch manifest @babel/core@^7.29.0 || ^8.0.0-rc.1
23 silly packumentCache full:https://registry.npmjs.org/@babel%2fcore cache-miss
24 http cache https://registry.npmjs.org/@babel%2fcore 30ms (cache hit)
25 silly packumentCache full:https://registry.npmjs.org/@babel%2fcore set size:788273 disposed:false
26 silly fetch manifest @babel/plugin-transform-runtime@^7.29.0 || ^8.0.0-rc.1
27 silly packumentCache full:https://registry.npmjs.org/@babel%2fplugin-transform-runtime cache-miss
28 http cache https://registry.npmjs.org/@babel%2fplugin-transform-runtime 30ms (cache hit)
29 silly packumentCache full:https://registry.npmjs.org/@babel%2fplugin-transform-runtime set size:468058 disposed:false
30 silly fetch manifest @babel/runtime@^7.27.0 || ^8.0.0-rc.1
31 silly packumentCache full:https://registry.npmjs.org/@babel%2fruntime cache-miss
32 http cache https://registry.npmjs.org/@babel%2fruntime 72ms (cache hit)
33 silly packumentCache full:https://registry.npmjs.org/@babel%2fruntime set size:3471810 disposed:false
34 silly fetch manifest rolldown@^1.0.0-rc.5
35 silly packumentCache full:https://registry.npmjs.org/rolldown cache-miss
36 http cache https://registry.npmjs.org/rolldown 35ms (cache hit)
37 silly packumentCache full:https://registry.npmjs.org/rolldown set size:3801673 disposed:false
38 silly fetch manifest vite@latest
39 silly packumentCache full:https://registry.npmjs.org/vite cache-miss
40 http cache https://registry.npmjs.org/vite 208ms (cache hit)
41 silly packumentCache full:https://registry.npmjs.org/vite set size:38929639 disposed:false
42 silly fetch manifest @types/node@^20.19.0 || >=22.12.0
43 silly packumentCache full:https://registry.npmjs.org/@types%2fnode cache-miss
44 http cache https://registry.npmjs.org/@types%2fnode 133ms (cache hit)
45 silly packumentCache full:https://registry.npmjs.org/@types%2fnode set size:11092436 disposed:false
46 silly fetch manifest @vitejs/devtools@^0.4.0 || ^0.5.0
47 silly packumentCache full:https://registry.npmjs.org/@vitejs%2fdevtools cache-miss
48 http cache https://registry.npmjs.org/@vitejs%2fdevtools 26ms (cache hit)
49 silly packumentCache full:https://registry.npmjs.org/@vitejs%2fdevtools set size:298168 disposed:false
50 silly fetch manifest @vitejs/devtools-oxc@^0.5.2
51 silly packumentCache full:https://registry.npmjs.org/@vitejs%2fdevtools-oxc cache-miss
52 http cache https://registry.npmjs.org/@vitejs%2fdevtools-oxc 20ms (cache hit)
53 silly packumentCache full:https://registry.npmjs.org/@vitejs%2fdevtools-oxc set size:53663 disposed:false
54 silly fetch manifest @vitejs/devtools-rolldown@^0.5.2
55 silly packumentCache full:https://registry.npmjs.org/@vitejs%2fdevtools-rolldown cache-miss
56 http cache https://registry.npmjs.org/@vitejs%2fdevtools-rolldown 19ms (cache hit)
57 silly packumentCache full:https://registry.npmjs.org/@vitejs%2fdevtools-rolldown set size:212038 disposed:false
58 silly fetch manifest @vitejs/devtools-vite@^0.5.2
59 silly packumentCache full:https://registry.npmjs.org/@vitejs%2fdevtools-vite cache-miss
60 http cache https://registry.npmjs.org/@vitejs%2fdevtools-vite 20ms (cache hit)
61 silly packumentCache full:https://registry.npmjs.org/@vitejs%2fdevtools-vite set size:141098 disposed:false
62 silly fetch manifest @vitejs/devtools-vitest@^0.5.2
63 silly packumentCache full:https://registry.npmjs.org/@vitejs%2fdevtools-vitest cache-miss
64 http cache https://registry.npmjs.org/@vitejs%2fdevtools-vitest 27ms (cache hit)
65 silly packumentCache full:https://registry.npmjs.org/@vitejs%2fdevtools-vitest set size:37978 disposed:false
66 silly fetch manifest vitest@*
67 silly packumentCache full:https://registry.npmjs.org/vitest cache-miss
68 http cache https://registry.npmjs.org/vitest 44ms (cache hit)
69 silly packumentCache full:https://registry.npmjs.org/vitest set size:2241365 disposed:false
70 silly fetch manifest @edge-runtime/vm@*
71 silly packumentCache full:https://registry.npmjs.org/@edge-runtime%2fvm cache-miss
72 http cache https://registry.npmjs.org/@edge-runtime%2fvm 17ms (cache hit)
73 silly packumentCache full:https://registry.npmjs.org/@edge-runtime%2fvm set size:269934 disposed:false
74 silly fetch manifest @opentelemetry/api@^1.9.0
75 silly packumentCache full:https://registry.npmjs.org/@opentelemetry%2fapi cache-miss
76 http cache https://registry.npmjs.org/@opentelemetry%2fapi 19ms (cache hit)
77 silly packumentCache full:https://registry.npmjs.org/@opentelemetry%2fapi set size:272967 disposed:false
78 silly fetch manifest @vitest/browser-playwright@4.1.11
79 silly packumentCache full:https://registry.npmjs.org/@vitest%2fbrowser-playwright cache-miss
80 http cache https://registry.npmjs.org/@vitest%2fbrowser-playwright 19ms (cache hit)
81 silly packumentCache full:https://registry.npmjs.org/@vitest%2fbrowser-playwright set size:145772 disposed:false
82 silly fetch manifest playwright@*
83 silly packumentCache full:https://registry.npmjs.org/playwright cache-miss
84 http cache https://registry.npmjs.org/playwright 116ms (cache hit)
85 silly packumentCache full:https://registry.npmjs.org/playwright set size:16665307 disposed:false
86 silly fetch manifest @vitest/browser-preview@4.1.11
87 silly packumentCache full:https://registry.npmjs.org/@vitest%2fbrowser-preview cache-miss
88 http cache https://registry.npmjs.org/@vitest%2fbrowser-preview 16ms (cache hit)
89 silly packumentCache full:https://registry.npmjs.org/@vitest%2fbrowser-preview set size:139766 disposed:false
90 silly fetch manifest @vitest/browser-webdriverio@4.1.11
91 silly packumentCache full:https://registry.npmjs.org/@vitest%2fbrowser-webdriverio cache-miss
92 http cache https://registry.npmjs.org/@vitest%2fbrowser-webdriverio 16ms (cache hit)
93 silly packumentCache full:https://registry.npmjs.org/@vitest%2fbrowser-webdriverio set size:140979 disposed:false
94 silly fetch manifest webdriverio@*
95 silly packumentCache full:https://registry.npmjs.org/webdriverio cache-miss
96 http cache https://registry.npmjs.org/webdriverio 31ms (cache hit)
97 silly packumentCache full:https://registry.npmjs.org/webdriverio set size:3159264 disposed:false
98 silly fetch manifest puppeteer-core@>=22.x <=24.x
99 silly packumentCache full:https://registry.npmjs.org/puppeteer-core cache-miss
100 http cache https://registry.npmjs.org/puppeteer-core 20ms (cache hit)
101 silly packumentCache full:https://registry.npmjs.org/puppeteer-core set size:1576304 disposed:false
102 silly fetch manifest @vitest/coverage-istanbul@4.1.11
103 silly packumentCache full:https://registry.npmjs.org/@vitest%2fcoverage-istanbul cache-miss
104 http cache https://registry.npmjs.org/@vitest%2fcoverage-istanbul 20ms (cache hit)
105 silly packumentCache full:https://registry.npmjs.org/@vitest%2fcoverage-istanbul set size:700836 disposed:false
106 silly fetch manifest @vitest/coverage-v8@4.1.11
107 silly packumentCache full:https://registry.npmjs.org/@vitest%2fcoverage-v8 cache-miss
108 http cache https://registry.npmjs.org/@vitest%2fcoverage-v8 30ms (cache hit)
109 silly packumentCache full:https://registry.npmjs.org/@vitest%2fcoverage-v8 set size:537094 disposed:false
110 silly fetch manifest @vitest/browser@4.1.11
111 silly packumentCache full:https://registry.npmjs.org/@vitest%2fbrowser cache-miss
112 http cache https://registry.npmjs.org/@vitest%2fbrowser 27ms (cache hit)
113 silly packumentCache full:https://registry.npmjs.org/@vitest%2fbrowser set size:797238 disposed:false
114 silly fetch manifest @vitest/ui@4.1.11
115 silly packumentCache full:https://registry.npmjs.org/@vitest%2fui cache-miss
116 http cache https://registry.npmjs.org/@vitest%2fui 25ms (cache hit)
117 silly packumentCache full:https://registry.npmjs.org/@vitest%2fui set size:1285644 disposed:false
118 silly fetch manifest happy-dom@*
119 silly packumentCache full:https://registry.npmjs.org/happy-dom cache-miss
120 http cache https://registry.npmjs.org/happy-dom 40ms (cache hit)
121 silly packumentCache full:https://registry.npmjs.org/happy-dom set size:2492452 disposed:false
122 silly fetch manifest jsdom@*
123 silly packumentCache full:https://registry.npmjs.org/jsdom cache-miss
124 http cache https://registry.npmjs.org/jsdom 21ms (cache hit)
125 silly packumentCache full:https://registry.npmjs.org/jsdom set size:1074418 disposed:false
126 silly fetch manifest canvas@^3.2.3
127 silly packumentCache full:https://registry.npmjs.org/canvas cache-miss
128 http cache https://registry.npmjs.org/canvas 19ms (cache hit)
129 silly packumentCache full:https://registry.npmjs.org/canvas set size:353371 disposed:false
130 silly fetch manifest esbuild@^0.27.0 || ^0.28.0
131 silly packumentCache full:https://registry.npmjs.org/esbuild cache-miss
132 http cache https://registry.npmjs.org/esbuild 19ms (cache hit)
133 silly packumentCache full:https://registry.npmjs.org/esbuild set size:1264676 disposed:false
134 silly fetch manifest jiti@>=1.21.0
135 silly packumentCache full:https://registry.npmjs.org/jiti cache-miss
136 http cache https://registry.npmjs.org/jiti 15ms (cache hit)
137 silly packumentCache full:https://registry.npmjs.org/jiti set size:387989 disposed:false
138 silly fetch manifest less@^4.0.0
139 silly packumentCache full:https://registry.npmjs.org/less cache-miss
140 http cache https://registry.npmjs.org/less 14ms (cache hit)
141 silly packumentCache full:https://registry.npmjs.org/less set size:500352 disposed:false
142 silly fetch manifest sass@^1.70.0
143 silly packumentCache full:https://registry.npmjs.org/sass cache-miss
144 http cache https://registry.npmjs.org/sass 20ms (cache hit)
145 silly packumentCache full:https://registry.npmjs.org/sass set size:747752 disposed:false
146 silly fetch manifest sass-embedded@^1.70.0
147 silly packumentCache full:https://registry.npmjs.org/sass-embedded cache-miss
148 http cache https://registry.npmjs.org/sass-embedded 18ms (cache hit)
149 silly packumentCache full:https://registry.npmjs.org/sass-embedded set size:428375 disposed:false
150 silly fetch manifest stylus@>=0.54.8
151 silly packumentCache full:https://registry.npmjs.org/stylus cache-miss
152 http cache https://registry.npmjs.org/stylus 13ms (cache hit)
153 silly packumentCache full:https://registry.npmjs.org/stylus set size:286766 disposed:false
154 silly fetch manifest sugarss@^5.0.0
155 silly packumentCache full:https://registry.npmjs.org/sugarss cache-miss
156 http cache https://registry.npmjs.org/sugarss 11ms (cache hit)
157 silly packumentCache full:https://registry.npmjs.org/sugarss set size:44975 disposed:false
158 silly fetch manifest postcss@latest
159 silly packumentCache full:https://registry.npmjs.org/postcss cache-miss
160 http cache https://registry.npmjs.org/postcss 16ms (cache hit)
161 silly packumentCache full:https://registry.npmjs.org/postcss set size:760024 disposed:false
162 silly fetch manifest terser@^5.16.0
163 silly packumentCache full:https://registry.npmjs.org/terser cache-miss
164 http cache https://registry.npmjs.org/terser 19ms (cache hit)
165 silly packumentCache full:https://registry.npmjs.org/terser set size:820738 disposed:false
166 silly fetch manifest tsx@^4.8.1
167 silly packumentCache full:https://registry.npmjs.org/tsx cache-miss
168 http cache https://registry.npmjs.org/tsx 16ms (cache hit)
169 silly packumentCache full:https://registry.npmjs.org/tsx set size:341667 disposed:false
170 silly fetch manifest yaml@^2.4.2
171 silly packumentCache full:https://registry.npmjs.org/yaml cache-miss
172 http cache https://registry.npmjs.org/yaml 13ms (cache hit)
173 silly packumentCache full:https://registry.npmjs.org/yaml set size:385754 disposed:false
174 silly fetch manifest babel-plugin-react-compiler@^1.0.0
175 silly packumentCache full:https://registry.npmjs.org/babel-plugin-react-compiler cache-miss
176 http cache https://registry.npmjs.org/babel-plugin-react-compiler 20ms (cache hit)
177 silly packumentCache full:https://registry.npmjs.org/babel-plugin-react-compiler set size:1356999 disposed:false
178 silly fetch manifest oxc-transform-react@^0.145.0
179 silly packumentCache full:https://registry.npmjs.org/oxc-transform-react cache-miss
180 http cache https://registry.npmjs.org/oxc-transform-react 12ms (cache hit)
181 silly packumentCache full:https://registry.npmjs.org/oxc-transform-react set size:38670 disposed:false
182 silly fetch manifest typescript@latest
183 silly packumentCache full:https://registry.npmjs.org/typescript cache-miss
184 http cache https://registry.npmjs.org/typescript 76ms (cache hit)
185 silly packumentCache full:https://registry.npmjs.org/typescript set size:15597675 disposed:false
186 silly fetch manifest react@latest
187 silly packumentCache full:https://registry.npmjs.org/react cache-miss
188 http cache https://registry.npmjs.org/react 45ms (cache hit)
189 silly packumentCache full:https://registry.npmjs.org/react set size:6917274 disposed:false
190 silly fetch manifest react-dom@latest
191 silly packumentCache full:https://registry.npmjs.org/react-dom cache-miss
192 http cache https://registry.npmjs.org/react-dom 60ms (cache hit)
193 silly packumentCache full:https://registry.npmjs.org/react-dom set size:9298448 disposed:false
194 silly fetch manifest recharts@latest
195 silly packumentCache full:https://registry.npmjs.org/recharts cache-miss
196 http cache https://registry.npmjs.org/recharts 68ms (cache hit)
197 silly packumentCache full:https://registry.npmjs.org/recharts set size:1445457 disposed:false
198 silly fetch manifest react-is@^16.8.0 || ^17.0.0 || ^18.0.0 || ^19.0.0
199 silly packumentCache full:https://registry.npmjs.org/react-is cache-miss
200 http cache https://registry.npmjs.org/react-is 35ms (cache hit)
201 silly packumentCache full:https://registry.npmjs.org/react-is set size:5597752 disposed:false
202 silly fetch manifest lucide-react@latest
203 silly packumentCache full:https://registry.npmjs.org/lucide-react cache-miss
204 http cache https://registry.npmjs.org/lucide-react 20ms (cache hit)
205 silly packumentCache full:https://registry.npmjs.org/lucide-react set size:2322098 disposed:false
206 silly fetch manifest tailwindcss@latest
207 silly packumentCache full:https://registry.npmjs.org/tailwindcss cache-miss
208 http cache https://registry.npmjs.org/tailwindcss 60ms (cache hit)
209 silly packumentCache full:https://registry.npmjs.org/tailwindcss set size:10868886 disposed:false
210 silly fetch manifest autoprefixer@latest
211 silly packumentCache full:https://registry.npmjs.org/autoprefixer cache-miss
212 http cache https://registry.npmjs.org/autoprefixer 18ms (cache hit)
213 silly packumentCache full:https://registry.npmjs.org/autoprefixer set size:1366815 disposed:false
214 silly fetch manifest @types/react@latest
215 silly packumentCache full:https://registry.npmjs.org/@types%2freact cache-miss
216 http cache https://registry.npmjs.org/@types%2freact 28ms (cache hit)
217 silly packumentCache full:https://registry.npmjs.org/@types%2freact set size:2637439 disposed:false
218 silly fetch manifest @types/react-dom@latest
219 silly packumentCache full:https://registry.npmjs.org/@types%2freact-dom cache-miss
220 http cache https://registry.npmjs.org/@types%2freact-dom 36ms (cache hit)
221 silly packumentCache full:https://registry.npmjs.org/@types%2freact-dom set size:435860 disposed:false
222 silly placeDep ROOT @types/react@19.2.18 REPLACE for: sih26142-judge-prototype@0.1.0 want: latest
223 silly placeDep ROOT @types/react-dom@19.2.5 REPLACE for: sih26142-judge-prototype@0.1.0 want: latest
224 silly placeDep ROOT @vitejs/plugin-react@6.1.0 REPLACE for: sih26142-judge-prototype@0.1.0 want: latest
225 silly placeDep ROOT autoprefixer@10.5.4 REPLACE for: sih26142-judge-prototype@0.1.0 want: latest
226 silly placeDep ROOT lucide-react@1.34.0 REPLACE for: sih26142-judge-prototype@0.1.0 want: latest
227 silly placeDep ROOT postcss@8.5.26 REPLACE for: sih26142-judge-prototype@0.1.0 want: latest
228 silly placeDep ROOT react@19.2.8 REPLACE for: sih26142-judge-prototype@0.1.0 want: latest
229 silly placeDep ROOT react-dom@19.2.8 REPLACE for: sih26142-judge-prototype@0.1.0 want: latest
230 silly placeDep ROOT recharts@3.10.1 REPLACE for: sih26142-judge-prototype@0.1.0 want: latest
231 silly placeDep ROOT tailwindcss@4.3.3 REPLACE for: sih26142-judge-prototype@0.1.0 want: latest
232 silly placeDep ROOT typescript@7.0.2 REPLACE for: sih26142-judge-prototype@0.1.0 want: latest
233 silly placeDep ROOT vite@8.2.2 REPLACE for: sih26142-judge-prototype@0.1.0 want: latest
234 silly fetch manifest es-toolkit@^1.39.3
235 silly packumentCache full:https://registry.npmjs.org/es-toolkit cache-miss
236 silly fetch manifest @typescript/typescript-aix-ppc64@7.0.2
237 silly packumentCache full:https://registry.npmjs.org/@typescript%2ftypescript-aix-ppc64 cache-miss
238 silly fetch manifest @typescript/typescript-linux-arm@7.0.2
239 silly packumentCache full:https://registry.npmjs.org/@typescript%2ftypescript-linux-arm cache-miss
240 http cache https://registry.npmjs.org/@typescript%2ftypescript-linux-arm 20ms (cache hit)
241 silly packumentCache full:https://registry.npmjs.org/@typescript%2ftypescript-linux-arm set size:118367 disposed:false
242 silly fetch manifest @typescript/typescript-linux-x64@7.0.2
243 silly packumentCache full:https://registry.npmjs.org/@typescript%2ftypescript-linux-x64 cache-miss
244 http cache https://registry.npmjs.org/@typescript%2ftypescript-aix-ppc64 27ms (cache hit)
245 silly packumentCache full:https://registry.npmjs.org/@typescript%2ftypescript-aix-ppc64 set size:6049 disposed:false
246 silly fetch manifest @typescript/typescript-sunos-x64@7.0.2
247 silly packumentCache full:https://registry.npmjs.org/@typescript%2ftypescript-sunos-x64 cache-miss
248 http cache https://registry.npmjs.org/es-toolkit 71ms (cache hit)
249 silly packumentCache full:https://registry.npmjs.org/es-toolkit set size:12844021 disposed:false
250 silly fetch manifest @typescript/typescript-darwin-x64@7.0.2
251 silly packumentCache full:https://registry.npmjs.org/@typescript%2ftypescript-darwin-x64 cache-miss
252 http cache https://registry.npmjs.org/@typescript%2ftypescript-sunos-x64 192ms (cache hit)
253 silly packumentCache full:https://registry.npmjs.org/@typescript%2ftypescript-sunos-x64 set size:6046 disposed:false
254 silly fetch manifest @typescript/typescript-netbsd-x64@7.0.2
255 silly packumentCache full:https://registry.npmjs.org/@typescript%2ftypescript-netbsd-x64 cache-miss
256 http cache https://registry.npmjs.org/@typescript%2ftypescript-linux-x64 199ms (cache hit)
257 silly packumentCache full:https://registry.npmjs.org/@typescript%2ftypescript-linux-x64 set size:123572 disposed:false
258 silly fetch manifest @typescript/typescript-freebsd-x64@7.0.2
259 silly packumentCache full:https://registry.npmjs.org/@typescript%2ftypescript-freebsd-x64 cache-miss
260 http cache https://registry.npmjs.org/@typescript%2ftypescript-darwin-x64 24ms (cache hit)
261 silly packumentCache full:https://registry.npmjs.org/@typescript%2ftypescript-darwin-x64 set size:118728 disposed:false
262 silly fetch manifest @typescript/typescript-linux-arm64@7.0.2
263 silly packumentCache full:https://registry.npmjs.org/@typescript%2ftypescript-linux-arm64 cache-miss
264 http cache https://registry.npmjs.org/@typescript%2ftypescript-netbsd-x64 27ms (cache hit)
265 silly packumentCache full:https://registry.npmjs.org/@typescript%2ftypescript-netbsd-x64 set size:6065 disposed:false
266 silly fetch manifest @typescript/typescript-linux-ppc64@7.0.2
267 silly packumentCache full:https://registry.npmjs.org/@typescript%2ftypescript-linux-ppc64 cache-miss
268 http cache https://registry.npmjs.org/@typescript%2ftypescript-freebsd-x64 27ms (cache hit)
269 silly packumentCache full:https://registry.npmjs.org/@typescript%2ftypescript-freebsd-x64 set size:6088 disposed:false
270 silly fetch manifest @typescript/typescript-linux-s390x@7.0.2
271 silly packumentCache full:https://registry.npmjs.org/@typescript%2ftypescript-linux-s390x cache-miss
272 http cache https://registry.npmjs.org/@typescript%2ftypescript-linux-arm64 25ms (cache hit)
273 silly packumentCache full:https://registry.npmjs.org/@typescript%2ftypescript-linux-arm64 set size:124143 disposed:false
274 silly fetch manifest @typescript/typescript-openbsd-x64@7.0.2
275 silly packumentCache full:https://registry.npmjs.org/@typescript%2ftypescript-openbsd-x64 cache-miss
276 http cache https://registry.npmjs.org/@typescript%2ftypescript-linux-ppc64 54ms (cache hit)
277 silly packumentCache full:https://registry.npmjs.org/@typescript%2ftypescript-linux-ppc64 set size:6087 disposed:false
278 silly fetch manifest @typescript/typescript-win32-arm64@7.0.2
279 silly packumentCache full:https://registry.npmjs.org/@typescript%2ftypescript-win32-arm64 cache-miss
280 http cache https://registry.npmjs.org/@typescript%2ftypescript-linux-s390x 70ms (cache hit)
281 silly packumentCache full:https://registry.npmjs.org/@typescript%2ftypescript-linux-s390x set size:6086 disposed:false
282 silly fetch manifest @typescript/typescript-darwin-arm64@7.0.2
283 silly packumentCache full:https://registry.npmjs.org/@typescript%2ftypescript-darwin-arm64 cache-miss
284 http cache https://registry.npmjs.org/@typescript%2ftypescript-openbsd-x64 70ms (cache hit)
285 silly packumentCache full:https://registry.npmjs.org/@typescript%2ftypescript-openbsd-x64 set size:6086 disposed:false
286 silly fetch manifest @typescript/typescript-netbsd-arm64@7.0.2
287 silly packumentCache full:https://registry.npmjs.org/@typescript%2ftypescript-netbsd-arm64 cache-miss
288 http cache https://registry.npmjs.org/@typescript%2ftypescript-win32-arm64 55ms (cache hit)
289 silly packumentCache full:https://registry.npmjs.org/@typescript%2ftypescript-win32-arm64 set size:119103 disposed:false
290 silly fetch manifest @typescript/typescript-freebsd-arm64@7.0.2
291 silly packumentCache full:https://registry.npmjs.org/@typescript%2ftypescript-freebsd-arm64 cache-miss
292 http cache https://registry.npmjs.org/@typescript%2ftypescript-darwin-arm64 46ms (cache hit)
293 silly packumentCache full:https://registry.npmjs.org/@typescript%2ftypescript-darwin-arm64 set size:123335 disposed:false
294 silly fetch manifest @typescript/typescript-linux-loong64@7.0.2
295 silly packumentCache full:https://registry.npmjs.org/@typescript%2ftypescript-linux-loong64 cache-miss
296 http cache https://registry.npmjs.org/@typescript%2ftypescript-netbsd-arm64 46ms (cache hit)
297 silly packumentCache full:https://registry.npmjs.org/@typescript%2ftypescript-netbsd-arm64 set size:6109 disposed:false
298 silly fetch manifest @typescript/typescript-linux-riscv64@7.0.2
299 silly packumentCache full:https://registry.npmjs.org/@typescript%2ftypescript-linux-riscv64 cache-miss
300 http cache https://registry.npmjs.org/@typescript%2ftypescript-freebsd-arm64 38ms (cache hit)
301 silly packumentCache full:https://registry.npmjs.org/@typescript%2ftypescript-freebsd-arm64 set size:6126 disposed:false
302 silly fetch manifest @typescript/typescript-openbsd-arm64@7.0.2
303 silly packumentCache full:https://registry.npmjs.org/@typescript%2ftypescript-openbsd-arm64 cache-miss
304 http cache https://registry.npmjs.org/@typescript%2ftypescript-linux-loong64 38ms (cache hit)
305 silly packumentCache full:https://registry.npmjs.org/@typescript%2ftypescript-linux-loong64 set size:6127 disposed:false
306 silly fetch manifest @typescript/typescript-linux-mips64el@7.0.2
307 silly packumentCache full:https://registry.npmjs.org/@typescript%2ftypescript-linux-mips64el cache-miss
308 http cache https://registry.npmjs.org/@typescript%2ftypescript-linux-riscv64 40ms (cache hit)
309 silly packumentCache full:https://registry.npmjs.org/@typescript%2ftypescript-linux-riscv64 set size:6127 disposed:false
310 silly fetch manifest fsevents@~2.3.3
311 silly packumentCache full:https://registry.npmjs.org/fsevents cache-miss
312 http cache https://registry.npmjs.org/@typescript%2ftypescript-openbsd-arm64 38ms (cache hit)
313 silly packumentCache full:https://registry.npmjs.org/@typescript%2ftypescript-openbsd-arm64 set size:6126 disposed:false
314 http cache https://registry.npmjs.org/@typescript%2ftypescript-linux-mips64el 38ms (cache hit)
315 silly packumentCache full:https://registry.npmjs.org/@typescript%2ftypescript-linux-mips64el set size:6146 disposed:false
316 http cache https://registry.npmjs.org/fsevents 32ms (cache hit)
317 silly packumentCache full:https://registry.npmjs.org/fsevents set size:182472 disposed:false
318 silly fetch manifest lightningcss-darwin-x64@1.33.0
319 silly packumentCache full:https://registry.npmjs.org/lightningcss-darwin-x64 cache-miss
320 http cache https://registry.npmjs.org/lightningcss-darwin-x64 13ms (cache hit)
321 silly packumentCache full:https://registry.npmjs.org/lightningcss-darwin-x64 set size:80374 disposed:false
322 silly fetch manifest lightningcss-linux-x64-gnu@1.33.0
323 silly packumentCache full:https://registry.npmjs.org/lightningcss-linux-x64-gnu cache-miss
324 http cache https://registry.npmjs.org/lightningcss-linux-x64-gnu 16ms (cache hit)
325 silly packumentCache full:https://registry.npmjs.org/lightningcss-linux-x64-gnu set size:81819 disposed:false
326 silly fetch manifest lightningcss-win32-arm64-msvc@1.33.0
327 silly packumentCache full:https://registry.npmjs.org/lightningcss-win32-arm64-msvc cache-miss
328 http cache https://registry.npmjs.org/lightningcss-win32-arm64-msvc 17ms (cache hit)
329 silly packumentCache full:https://registry.npmjs.org/lightningcss-win32-arm64-msvc set size:28346 disposed:false
330 silly fetch manifest lightningcss-darwin-arm64@1.33.0
331 silly packumentCache full:https://registry.npmjs.org/lightningcss-darwin-arm64 cache-miss
332 http cache https://registry.npmjs.org/lightningcss-darwin-arm64 28ms (cache hit)
333 silly packumentCache full:https://registry.npmjs.org/lightningcss-darwin-arm64 set size:80970 disposed:false
334 silly fetch manifest lightningcss-linux-arm64-gnu@1.33.0
335 silly packumentCache full:https://registry.npmjs.org/lightningcss-linux-arm64-gnu cache-miss
336 http cache https://registry.npmjs.org/lightningcss-linux-arm64-gnu 15ms (cache hit)
337 silly packumentCache full:https://registry.npmjs.org/lightningcss-linux-arm64-gnu set size:82397 disposed:false
338 silly fetch manifest lightningcss-linux-arm-gnueabihf@1.33.0
339 silly packumentCache full:https://registry.npmjs.org/lightningcss-linux-arm-gnueabihf cache-miss
340 http cache https://registry.npmjs.org/lightningcss-linux-arm-gnueabihf 18ms (cache hit)
341 silly packumentCache full:https://registry.npmjs.org/lightningcss-linux-arm-gnueabihf set size:82635 disposed:false
342 silly fetch manifest lightningcss-linux-arm64-musl@1.33.0
343 silly packumentCache full:https://registry.npmjs.org/lightningcss-linux-arm64-musl cache-miss
344 http cache https://registry.npmjs.org/lightningcss-linux-arm64-musl 17ms (cache hit)
345 silly packumentCache full:https://registry.npmjs.org/lightningcss-linux-arm64-musl set size:82617 disposed:false
346 silly fetch manifest lightningcss-linux-x64-musl@1.33.0
347 silly packumentCache full:https://registry.npmjs.org/lightningcss-linux-x64-musl cache-miss
348 http cache https://registry.npmjs.org/lightningcss-linux-x64-musl 52ms (cache hit)
349 silly packumentCache full:https://registry.npmjs.org/lightningcss-linux-x64-musl set size:82032 disposed:false
350 silly fetch manifest lightningcss-freebsd-x64@1.33.0
351 silly packumentCache full:https://registry.npmjs.org/lightningcss-freebsd-x64 cache-miss
352 http cache https://registry.npmjs.org/lightningcss-freebsd-x64 17ms (cache hit)
353 silly packumentCache full:https://registry.npmjs.org/lightningcss-freebsd-x64 set size:44564 disposed:false
354 silly fetch manifest lightningcss-android-arm64@1.33.0
355 silly packumentCache full:https://registry.npmjs.org/lightningcss-android-arm64 cache-miss
356 http cache https://registry.npmjs.org/lightningcss-android-arm64 14ms (cache hit)
357 silly packumentCache full:https://registry.npmjs.org/lightningcss-android-arm64 set size:9371 disposed:false
358 silly placeDep ROOT lightningcss-android-arm64@1.33.0 OK for: lightningcss@1.33.0 want: 1.33.0
359 silly placeDep ROOT lightningcss-darwin-arm64@1.33.0 OK for: lightningcss@1.33.0 want: 1.33.0
360 silly placeDep ROOT lightningcss-darwin-x64@1.33.0 OK for: lightningcss@1.33.0 want: 1.33.0
361 silly placeDep ROOT lightningcss-freebsd-x64@1.33.0 OK for: lightningcss@1.33.0 want: 1.33.0
362 silly placeDep ROOT lightningcss-linux-arm-gnueabihf@1.33.0 OK for: lightningcss@1.33.0 want: 1.33.0
363 silly placeDep ROOT lightningcss-linux-arm64-gnu@1.33.0 OK for: lightningcss@1.33.0 want: 1.33.0
364 silly placeDep ROOT lightningcss-linux-arm64-musl@1.33.0 OK for: lightningcss@1.33.0 want: 1.33.0
365 silly placeDep ROOT lightningcss-linux-x64-gnu@1.33.0 OK for: lightningcss@1.33.0 want: 1.33.0
366 silly placeDep ROOT lightningcss-linux-x64-musl@1.33.0 OK for: lightningcss@1.33.0 want: 1.33.0
367 silly placeDep ROOT lightningcss-win32-arm64-msvc@1.33.0 OK for: lightningcss@1.33.0 want: 1.33.0
368 silly placeDep ROOT es-toolkit@1.51.0 OK for: recharts@3.10.1 want: ^1.39.3
369 silly fetch manifest @rolldown/binding-darwin-arm64@1.2.6
370 silly packumentCache full:https://registry.npmjs.org/@rolldown%2fbinding-darwin-arm64 cache-miss
371 http cache https://registry.npmjs.org/@rolldown%2fbinding-darwin-arm64 20ms (cache hit)
372 silly packumentCache full:https://registry.npmjs.org/@rolldown%2fbinding-darwin-arm64 set size:1403297 disposed:false
373 silly fetch manifest @rolldown/binding-android-arm64@1.2.6
374 silly packumentCache full:https://registry.npmjs.org/@rolldown%2fbinding-android-arm64 cache-miss
375 http cache https://registry.npmjs.org/@rolldown%2fbinding-android-arm64 18ms (cache hit)
376 silly packumentCache full:https://registry.npmjs.org/@rolldown%2fbinding-android-arm64 set size:177845 disposed:false
377 silly fetch manifest @rolldown/binding-win32-arm64-msvc@1.2.6
378 silly packumentCache full:https://registry.npmjs.org/@rolldown%2fbinding-win32-arm64-msvc cache-miss
379 http cache https://registry.npmjs.org/@rolldown%2fbinding-win32-arm64-msvc 20ms (cache hit)
380 silly packumentCache full:https://registry.npmjs.org/@rolldown%2fbinding-win32-arm64-msvc set size:1423920 disposed:false
381 silly fetch manifest @rolldown/binding-linux-arm64-gnu@1.2.6
382 silly packumentCache full:https://registry.npmjs.org/@rolldown%2fbinding-linux-arm64-gnu cache-miss
383 http cache https://registry.npmjs.org/@rolldown%2fbinding-linux-arm64-gnu 20ms (cache hit)
384 silly packumentCache full:https://registry.npmjs.org/@rolldown%2fbinding-linux-arm64-gnu set size:1428983 disposed:false
385 silly fetch manifest @rolldown/binding-linux-arm64-musl@1.2.6
386 silly packumentCache full:https://registry.npmjs.org/@rolldown%2fbinding-linux-arm64-musl cache-miss
387 http cache https://registry.npmjs.org/@rolldown%2fbinding-linux-arm64-musl 21ms (cache hit)
388 silly packumentCache full:https://registry.npmjs.org/@rolldown%2fbinding-linux-arm64-musl set size:1433652 disposed:false
389 silly fetch manifest @rolldown/binding-openharmony-arm64@1.2.6
390 silly packumentCache full:https://registry.npmjs.org/@rolldown%2fbinding-openharmony-arm64 cache-miss
391 http cache https://registry.npmjs.org/@rolldown%2fbinding-openharmony-arm64 16ms (cache hit)
392 silly packumentCache full:https://registry.npmjs.org/@rolldown%2fbinding-openharmony-arm64 set size:139947 disposed:false
393 silly fetch manifest @rolldown/binding-android-arm-eabi@1.2.6
394 silly packumentCache full:https://registry.npmjs.org/@rolldown%2fbinding-android-arm-eabi cache-miss
395 http cache https://registry.npmjs.org/@rolldown%2fbinding-android-arm-eabi 21ms (cache hit)
396 silly packumentCache full:https://registry.npmjs.org/@rolldown%2fbinding-android-arm-eabi set size:13866 disposed:false
397 silly fetch manifest @rolldown/binding-linux-arm-gnueabihf@1.2.6
398 silly packumentCache full:https://registry.npmjs.org/@rolldown%2fbinding-linux-arm-gnueabihf cache-miss
399 http cache https://registry.npmjs.org/@rolldown%2fbinding-linux-arm-gnueabihf 35ms (cache hit)
400 silly packumentCache full:https://registry.npmjs.org/@rolldown%2fbinding-linux-arm-gnueabihf set size:1438601 disposed:false
401 silly fetch manifest @rolldown/binding-linux-ppc64-gnu@1.2.6
402 silly packumentCache full:https://registry.npmjs.org/@rolldown%2fbinding-linux-ppc64-gnu cache-miss
403 http cache https://registry.npmjs.org/@rolldown%2fbinding-linux-ppc64-gnu 19ms (cache hit)
404 silly packumentCache full:https://registry.npmjs.org/@rolldown%2fbinding-linux-ppc64-gnu set size:65570 disposed:false
405 silly fetch manifest @rolldown/binding-linux-s390x-gnu@1.2.6
406 silly packumentCache full:https://registry.npmjs.org/@rolldown%2fbinding-linux-s390x-gnu cache-miss
407 http cache https://registry.npmjs.org/@rolldown%2fbinding-linux-s390x-gnu 22ms (cache hit)
408 silly packumentCache full:https://registry.npmjs.org/@rolldown%2fbinding-linux-s390x-gnu set size:65567 disposed:false
409 silly fetch manifest @rolldown/binding-darwin-x64@1.2.6
410 silly packumentCache full:https://registry.npmjs.org/@rolldown%2fbinding-darwin-x64 cache-miss
411 http cache https://registry.npmjs.org/@rolldown%2fbinding-darwin-x64 22ms (cache hit)
412 silly packumentCache full:https://registry.npmjs.org/@rolldown%2fbinding-darwin-x64 set size:1391472 disposed:false
413 silly fetch manifest @rolldown/binding-freebsd-x64@1.2.6
414 silly packumentCache full:https://registry.npmjs.org/@rolldown%2fbinding-freebsd-x64 cache-miss
415 http cache https://registry.npmjs.org/@rolldown%2fbinding-freebsd-x64 20ms (cache hit)
416 silly packumentCache full:https://registry.npmjs.org/@rolldown%2fbinding-freebsd-x64 set size:1071221 disposed:false
417 silly fetch manifest @rolldown/binding-linux-x64-gnu@1.2.6
418 silly packumentCache full:https://registry.npmjs.org/@rolldown%2fbinding-linux-x64-gnu cache-miss
419 http cache https://registry.npmjs.org/@rolldown%2fbinding-linux-x64-gnu 22ms (cache hit)
420 silly packumentCache full:https://registry.npmjs.org/@rolldown%2fbinding-linux-x64-gnu set size:1417124 disposed:false
421 silly fetch manifest @rolldown/binding-linux-x64-musl@1.2.6
422 silly packumentCache full:https://registry.npmjs.org/@rolldown%2fbinding-linux-x64-musl cache-miss
423 http cache https://registry.npmjs.org/@rolldown%2fbinding-linux-x64-musl 28ms (cache hit)
424 silly packumentCache full:https://registry.npmjs.org/@rolldown%2fbinding-linux-x64-musl set size:1421827 disposed:false
425 silly placeDep ROOT @rolldown/binding-android-arm-eabi@1.2.6 OK for: rolldown@1.2.6 want: 1.2.6
426 silly placeDep ROOT @rolldown/binding-android-arm64@1.2.6 OK for: rolldown@1.2.6 want: 1.2.6
427 silly placeDep ROOT @rolldown/binding-darwin-arm64@1.2.6 OK for: rolldown@1.2.6 want: 1.2.6
428 silly placeDep ROOT @rolldown/binding-darwin-x64@1.2.6 OK for: rolldown@1.2.6 want: 1.2.6
429 silly placeDep ROOT @rolldown/binding-freebsd-x64@1.2.6 OK for: rolldown@1.2.6 want: 1.2.6
430 silly placeDep ROOT @rolldown/binding-linux-arm-gnueabihf@1.2.6 OK for: rolldown@1.2.6 want: 1.2.6
431 silly placeDep ROOT @rolldown/binding-linux-arm64-gnu@1.2.6 OK for: rolldown@1.2.6 want: 1.2.6
432 silly placeDep ROOT @rolldown/binding-linux-arm64-musl@1.2.6 OK for: rolldown@1.2.6 want: 1.2.6
433 silly placeDep ROOT @rolldown/binding-linux-ppc64-gnu@1.2.6 OK for: rolldown@1.2.6 want: 1.2.6
434 silly placeDep ROOT @rolldown/binding-linux-s390x-gnu@1.2.6 OK for: rolldown@1.2.6 want: 1.2.6
435 silly placeDep ROOT @rolldown/binding-linux-x64-gnu@1.2.6 OK for: rolldown@1.2.6 want: 1.2.6
436 silly placeDep ROOT @rolldown/binding-linux-x64-musl@1.2.6 OK for: rolldown@1.2.6 want: 1.2.6
437 silly placeDep ROOT @rolldown/binding-openharmony-arm64@1.2.6 OK for: rolldown@1.2.6 want: 1.2.6
438 silly placeDep ROOT @rolldown/binding-win32-arm64-msvc@1.2.6 OK for: rolldown@1.2.6 want: 1.2.6
439 silly placeDep ROOT @typescript/typescript-aix-ppc64@7.0.2 OK for: typescript@7.0.2 want: 7.0.2
440 silly placeDep ROOT @typescript/typescript-darwin-arm64@7.0.2 OK for: typescript@7.0.2 want: 7.0.2
441 silly placeDep ROOT @typescript/typescript-darwin-x64@7.0.2 OK for: typescript@7.0.2 want: 7.0.2
442 silly placeDep ROOT @typescript/typescript-freebsd-arm64@7.0.2 OK for: typescript@7.0.2 want: 7.0.2
443 silly placeDep ROOT @typescript/typescript-freebsd-x64@7.0.2 OK for: typescript@7.0.2 want: 7.0.2
444 silly placeDep ROOT @typescript/typescript-linux-arm@7.0.2 OK for: typescript@7.0.2 want: 7.0.2
445 silly placeDep ROOT @typescript/typescript-linux-arm64@7.0.2 OK for: typescript@7.0.2 want: 7.0.2
446 silly placeDep ROOT @typescript/typescript-linux-loong64@7.0.2 OK for: typescript@7.0.2 want: 7.0.2
447 silly placeDep ROOT @typescript/typescript-linux-mips64el@7.0.2 OK for: typescript@7.0.2 want: 7.0.2
448 silly placeDep ROOT @typescript/typescript-linux-ppc64@7.0.2 OK for: typescript@7.0.2 want: 7.0.2
449 silly placeDep ROOT @typescript/typescript-linux-riscv64@7.0.2 OK for: typescript@7.0.2 want: 7.0.2
450 silly placeDep ROOT @typescript/typescript-linux-s390x@7.0.2 OK for: typescript@7.0.2 want: 7.0.2
451 silly placeDep ROOT @typescript/typescript-linux-x64@7.0.2 OK for: typescript@7.0.2 want: 7.0.2
452 silly placeDep ROOT @typescript/typescript-netbsd-arm64@7.0.2 OK for: typescript@7.0.2 want: 7.0.2
453 silly placeDep ROOT @typescript/typescript-netbsd-x64@7.0.2 OK for: typescript@7.0.2 want: 7.0.2
454 silly placeDep ROOT @typescript/typescript-openbsd-arm64@7.0.2 OK for: typescript@7.0.2 want: 7.0.2
455 silly placeDep ROOT @typescript/typescript-openbsd-x64@7.0.2 OK for: typescript@7.0.2 want: 7.0.2
456 silly placeDep ROOT @typescript/typescript-sunos-x64@7.0.2 OK for: typescript@7.0.2 want: 7.0.2
457 silly placeDep ROOT @typescript/typescript-win32-arm64@7.0.2 OK for: typescript@7.0.2 want: 7.0.2
458 silly placeDep ROOT fsevents@2.3.3 OK for: vite@8.2.2 want: ~2.3.3
459 silly reify mark retired [ 'C:\\SIH26142-SRM\\frontend\\node_modules\\es-toolkit' ]
460 silly reify mark retired [
460 silly reify   'C:\\SIH26142-SRM\\frontend\\node_modules\\autoprefixer',
460 silly reify   'C:\\SIH26142-SRM\\frontend\\node_modules\\.bin\\autoprefixer',
460 silly reify   'C:\\SIH26142-SRM\\frontend\\node_modules\\.bin\\autoprefixer.cmd',
460 silly reify   'C:\\SIH26142-SRM\\frontend\\node_modules\\.bin\\autoprefixer.ps1'
460 silly reify ]
461 silly reify mark retired [
461 silly reify   'C:\\SIH26142-SRM\\frontend\\node_modules\\browserslist',
461 silly reify   'C:\\SIH26142-SRM\\frontend\\node_modules\\.bin\\browserslist',
461 silly reify   'C:\\SIH26142-SRM\\frontend\\node_modules\\.bin\\browserslist.cmd',
461 silly reify   'C:\\SIH26142-SRM\\frontend\\node_modules\\.bin\\browserslist.ps1'
461 silly reify ]
462 silly reify mark retired [
462 silly reify   'C:\\SIH26142-SRM\\frontend\\node_modules\\baseline-browser-mapping',
462 silly reify   'C:\\SIH26142-SRM\\frontend\\node_modules\\.bin\\baseline-browser-mapping',
462 silly reify   'C:\\SIH26142-SRM\\frontend\\node_modules\\.bin\\baseline-browser-mapping.cmd',
462 silly reify   'C:\\SIH26142-SRM\\frontend\\node_modules\\.bin\\baseline-browser-mapping.ps1'
462 silly reify ]
463 silly reify mark retired [ 'C:\\SIH26142-SRM\\frontend\\node_modules\\lucide-react' ]
464 silly reify mark retired [
464 silly reify   'C:\\SIH26142-SRM\\frontend\\node_modules\\nanoid',
464 silly reify   'C:\\SIH26142-SRM\\frontend\\node_modules\\.bin\\nanoid',
464 silly reify   'C:\\SIH26142-SRM\\frontend\\node_modules\\.bin\\nanoid.cmd',
464 silly reify   'C:\\SIH26142-SRM\\frontend\\node_modules\\.bin\\nanoid.ps1'
464 silly reify ]
465 silly reify mark retired [ 'C:\\SIH26142-SRM\\frontend\\node_modules\\postcss' ]
466 silly reify mark retired [ 'C:\\SIH26142-SRM\\frontend\\node_modules\\react' ]
467 silly reify mark retired [ 'C:\\SIH26142-SRM\\frontend\\node_modules\\react-dom' ]
468 silly reify mark retired [ 'C:\\SIH26142-SRM\\frontend\\node_modules\\recharts' ]
469 silly reify mark retired [
469 silly reify   'C:\\SIH26142-SRM\\frontend\\node_modules\\rolldown',
469 silly reify   'C:\\SIH26142-SRM\\frontend\\node_modules\\.bin\\rolldown',
469 silly reify   'C:\\SIH26142-SRM\\frontend\\node_modules\\.bin\\rolldown.cmd',
469 silly reify   'C:\\SIH26142-SRM\\frontend\\node_modules\\.bin\\rolldown.ps1'
469 silly reify ]
470 silly reify mark retired [ 'C:\\SIH26142-SRM\\frontend\\node_modules\\tailwindcss' ]
471 silly reify mark retired [
471 silly reify   'C:\\SIH26142-SRM\\frontend\\node_modules\\update-browserslist-db',
471 silly reify   'C:\\SIH26142-SRM\\frontend\\node_modules\\.bin\\update-browserslist-db',
471 silly reify   'C:\\SIH26142-SRM\\frontend\\node_modules\\.bin\\update-browserslist-db.cmd',
471 silly reify   'C:\\SIH26142-SRM\\frontend\\node_modules\\.bin\\update-browserslist-db.ps1'
471 silly reify ]
472 silly reify mark retired [
472 silly reify   'C:\\SIH26142-SRM\\frontend\\node_modules\\typescript',
472 silly reify   'C:\\SIH26142-SRM\\frontend\\node_modules\\.bin\\tsc',
472 silly reify   'C:\\SIH26142-SRM\\frontend\\node_modules\\.bin\\tsc.cmd',
472 silly reify   'C:\\SIH26142-SRM\\frontend\\node_modules\\.bin\\tsc.ps1'
472 silly reify ]
473 silly reify mark retired [
473 silly reify   'C:\\SIH26142-SRM\\frontend\\node_modules\\vite',
473 silly reify   'C:\\SIH26142-SRM\\frontend\\node_modules\\.bin\\vite',
473 silly reify   'C:\\SIH26142-SRM\\frontend\\node_modules\\.bin\\vite.cmd',
473 silly reify   'C:\\SIH26142-SRM\\frontend\\node_modules\\.bin\\vite.ps1'
473 silly reify ]
474 silly reify mark retired [ 'C:\\SIH26142-SRM\\frontend\\node_modules\\@types\\react-dom' ]
475 silly reify mark retired [ 'C:\\SIH26142-SRM\\frontend\\node_modules\\@types\\react' ]
476 silly reify mark retired [ 'C:\\SIH26142-SRM\\frontend\\node_modules\\@vitejs\\plugin-react' ]
477 silly reify moves {
477 silly reify   'C:\\SIH26142-SRM\\frontend\\node_modules\\es-toolkit': 'C:\\SIH26142-SRM\\frontend\\node_modules\\.es-toolkit-nzrpl2Ii',
477 silly reify   'C:\\SIH26142-SRM\\frontend\\node_modules\\autoprefixer': 'C:\\SIH26142-SRM\\frontend\\node_modules\\.autoprefixer-LZz1SLrH',
477 silly reify   'C:\\SIH26142-SRM\\frontend\\node_modules\\.bin\\autoprefixer': 'C:\\SIH26142-SRM\\frontend\\node_modules\\.bin\\.autoprefixer-9iACSsWD',
477 silly reify   'C:\\SIH26142-SRM\\frontend\\node_modules\\.bin\\autoprefixer.cmd': 'C:\\SIH26142-SRM\\frontend\\node_modules\\.bin\\.autoprefixer.cmd-UPcgs3LJ',
477 silly reify   'C:\\SIH26142-SRM\\frontend\\node_modules\\.bin\\autoprefixer.ps1': 'C:\\SIH26142-SRM\\frontend\\node_modules\\.bin\\.autoprefixer.ps1-VTf6k54c',
477 silly reify   'C:\\SIH26142-SRM\\frontend\\node_modules\\browserslist': 'C:\\SIH26142-SRM\\frontend\\node_modules\\.browserslist-Mt7udmNc',
477 silly reify   'C:\\SIH26142-SRM\\frontend\\node_modules\\.bin\\browserslist': 'C:\\SIH26142-SRM\\frontend\\node_modules\\.bin\\.browserslist-DGgJRphu',
477 silly reify   'C:\\SIH26142-SRM\\frontend\\node_modules\\.bin\\browserslist.cmd': 'C:\\SIH26142-SRM\\frontend\\node_modules\\.bin\\.browserslist.cmd-U3ID45Rz',
477 silly reify   'C:\\SIH26142-SRM\\frontend\\node_modules\\.bin\\browserslist.ps1': 'C:\\SIH26142-SRM\\frontend\\node_modules\\.bin\\.browserslist.ps1-uT7UymHS',
477 silly reify   'C:\\SIH26142-SRM\\frontend\\node_modules\\baseline-browser-mapping': 'C:\\SIH26142-SRM\\frontend\\node_modules\\.baseline-browser-mapping-DGuRBVPh',
477 silly reify   'C:\\SIH26142-SRM\\frontend\\node_modules\\.bin\\baseline-browser-mapping': 'C:\\SIH26142-SRM\\frontend\\node_modules\\.bin\\.baseline-browser-mapping-1YIidz2a',
477 silly reify   'C:\\SIH26142-SRM\\frontend\\node_modules\\.bin\\baseline-browser-mapping.cmd': 'C:\\SIH26142-SRM\\frontend\\node_modules\\.bin\\.baseline-browser-mapping.cmd-NT4VuvXF',
477 silly reify   'C:\\SIH26142-SRM\\frontend\\node_modules\\.bin\\baseline-browser-mapping.ps1': 'C:\\SIH26142-SRM\\frontend\\node_modules\\.bin\\.baseline-browser-mapping.ps1-gHjsvw1N',
477 silly reify   'C:\\SIH26142-SRM\\frontend\\node_modules\\lucide-react': 'C:\\SIH26142-SRM\\frontend\\node_modules\\.lucide-react-73zKq8K5',
477 silly reify   'C:\\SIH26142-SRM\\frontend\\node_modules\\nanoid': 'C:\\SIH26142-SRM\\frontend\\node_modules\\.nanoid-8nhHRG7O',
477 silly reify   'C:\\SIH26142-SRM\\frontend\\node_modules\\.bin\\nanoid': 'C:\\SIH26142-SRM\\frontend\\node_modules\\.bin\\.nanoid-vC8NTLnQ',
477 silly reify   'C:\\SIH26142-SRM\\frontend\\node_modules\\.bin\\nanoid.cmd': 'C:\\SIH26142-SRM\\frontend\\node_modules\\.bin\\.nanoid.cmd-JLqAe9k4',
477 silly reify   'C:\\SIH26142-SRM\\frontend\\node_modules\\.bin\\nanoid.ps1': 'C:\\SIH26142-SRM\\frontend\\node_modules\\.bin\\.nanoid.ps1-j2U7E27b',
477 silly reify   'C:\\SIH26142-SRM\\frontend\\node_modules\\postcss': 'C:\\SIH26142-SRM\\frontend\\node_modules\\.postcss-XHL1tkLZ',
477 silly reify   'C:\\SIH26142-SRM\\frontend\\node_modules\\react': 'C:\\SIH26142-SRM\\frontend\\node_modules\\.react-C9Ng5r2c',
477 silly reify   'C:\\SIH26142-SRM\\frontend\\node_modules\\react-dom': 'C:\\SIH26142-SRM\\frontend\\node_modules\\.react-dom-coyeXF8u',
477 silly reify   'C:\\SIH26142-SRM\\frontend\\node_modules\\recharts': 'C:\\SIH26142-SRM\\frontend\\node_modules\\.recharts-fQS9dkpd',
477 silly reify   'C:\\SIH26142-SRM\\frontend\\node_modules\\rolldown': 'C:\\SIH26142-SRM\\frontend\\node_modules\\.rolldown-D9b2xIXd',
477 silly reify   'C:\\SIH26142-SRM\\frontend\\node_modules\\.bin\\rolldown': 'C:\\SIH26142-SRM\\frontend\\node_modules\\.bin\\.rolldown-Ip8ffZO1',
477 silly reify   'C:\\SIH26142-SRM\\frontend\\node_modules\\.bin\\rolldown.cmd': 'C:\\SIH26142-SRM\\frontend\\node_modules\\.bin\\.rolldown.cmd-yiaXqxn8',
477 silly reify   'C:\\SIH26142-SRM\\frontend\\node_modules\\.bin\\rolldown.ps1': 'C:\\SIH26142-SRM\\frontend\\node_modules\\.bin\\.rolldown.ps1-h37nhPIv',
477 silly reify   'C:\\SIH26142-SRM\\frontend\\node_modules\\tailwindcss': 'C:\\SIH26142-SRM\\frontend\\node_modules\\.tailwindcss-TCPIfyCO',
477 silly reify   'C:\\SIH26142-SRM\\frontend\\node_modules\\update-browserslist-db': 'C:\\SIH26142-SRM\\frontend\\node_modules\\.update-browserslist-db-C5LVXRwS',
477 silly reify   'C:\\SIH26142-SRM\\frontend\\node_modules\\.bin\\update-browserslist-db': 'C:\\SIH26142-SRM\\frontend\\node_modules\\.bin\\.update-browserslist-db-Ts3eLcaL',
477 silly reify   'C:\\SIH26142-SRM\\frontend\\node_modules\\.bin\\update-browserslist-db.cmd': 'C:\\SIH26142-SRM\\frontend\\node_modules\\.bin\\.update-browserslist-db.cmd-IpJGySpZ',
477 silly reify   'C:\\SIH26142-SRM\\frontend\\node_modules\\.bin\\update-browserslist-db.ps1': 'C:\\SIH26142-SRM\\frontend\\node_modules\\.bin\\.update-browserslist-db.ps1-i7p3me5v',
477 silly reify   'C:\\SIH26142-SRM\\frontend\\node_modules\\typescript': 'C:\\SIH26142-SRM\\frontend\\node_modules\\.typescript-tsCXjx6o',
477 silly reify   'C:\\SIH26142-SRM\\frontend\\node_modules\\.bin\\tsc': 'C:\\SIH26142-SRM\\frontend\\node_modules\\.bin\\.tsc-fdDacfYz',
477 silly reify   'C:\\SIH26142-SRM\\frontend\\node_modules\\.bin\\tsc.cmd': 'C:\\SIH26142-SRM\\frontend\\node_modules\\.bin\\.tsc.cmd-bWrgIhqE',
477 silly reify   'C:\\SIH26142-SRM\\frontend\\node_modules\\.bin\\tsc.ps1': 'C:\\SIH26142-SRM\\frontend\\node_modules\\.bin\\.tsc.ps1-dsc6eolH',
477 silly reify   'C:\\SIH26142-SRM\\frontend\\node_modules\\vite': 'C:\\SIH26142-SRM\\frontend\\node_modules\\.vite-ANFzsB4g',
477 silly reify   'C:\\SIH26142-SRM\\frontend\\node_modules\\.bin\\vite': 'C:\\SIH26142-SRM\\frontend\\node_modules\\.bin\\.vite-UpIXgrfm',
477 silly reify   'C:\\SIH26142-SRM\\frontend\\node_modules\\.bin\\vite.cmd': 'C:\\SIH26142-SRM\\frontend\\node_modules\\.bin\\.vite.cmd-pgBtLnAX',
477 silly reify   'C:\\SIH26142-SRM\\frontend\\node_modules\\.bin\\vite.ps1': 'C:\\SIH26142-SRM\\frontend\\node_modules\\.bin\\.vite.ps1-68KK8hc9',
477 silly reify   'C:\\SIH26142-SRM\\frontend\\node_modules\\@types\\react-dom': 'C:\\SIH26142-SRM\\frontend\\node_modules\\@types\\.react-dom-nOu1NPaV',
477 silly reify   'C:\\SIH26142-SRM\\frontend\\node_modules\\@types\\react': 'C:\\SIH26142-SRM\\frontend\\node_modules\\@types\\.react-z3kgfyOM',
477 silly reify   'C:\\SIH26142-SRM\\frontend\\node_modules\\@vitejs\\plugin-react': 'C:\\SIH26142-SRM\\frontend\\node_modules\\@vitejs\\.plugin-react-RDO1iitx'
477 silly reify }
478 http cache @types/react-dom@https://registry.npmjs.org/@types/react-dom/-/react-dom-19.2.5.tgz 0ms (cache hit)
479 http cache @types/react@https://registry.npmjs.org/@types/react/-/react-19.2.18.tgz 0ms (cache hit)
480 http cache @vitejs/plugin-react@https://registry.npmjs.org/@vitejs/plugin-react/-/plugin-react-6.1.0.tgz 0ms (cache hit)
481 http cache vite@https://registry.npmjs.org/vite/-/vite-8.2.2.tgz 0ms (cache hit)
482 http cache typescript@https://registry.npmjs.org/typescript/-/typescript-7.0.2.tgz 0ms (cache hit)
483 silly packumentCache corgi:https://registry.npmjs.org/update-browserslist-db cache-miss
484 http cache tailwindcss@https://registry.npmjs.org/tailwindcss/-/tailwindcss-4.3.3.tgz 0ms (cache hit)
485 silly packumentCache corgi:https://registry.npmjs.org/rolldown cache-miss
486 http cache recharts@https://registry.npmjs.org/recharts/-/recharts-3.10.1.tgz 0ms (cache hit)
487 http cache react-dom@https://registry.npmjs.org/react-dom/-/react-dom-19.2.8.tgz 0ms (cache hit)
488 http cache react@https://registry.npmjs.org/react/-/react-19.2.8.tgz 0ms (cache hit)
489 http cache postcss@https://registry.npmjs.org/postcss/-/postcss-8.5.26.tgz 0ms (cache hit)
490 silly packumentCache corgi:https://registry.npmjs.org/nanoid cache-miss
491 silly packumentCache corgi:https://registry.npmjs.org/baseline-browser-mapping cache-miss
492 silly packumentCache corgi:https://registry.npmjs.org/browserslist cache-miss
493 http cache es-toolkit@https://registry.npmjs.org/es-toolkit/-/es-toolkit-1.51.0.tgz 0ms (cache hit)
494 http cache autoprefixer@https://registry.npmjs.org/autoprefixer/-/autoprefixer-10.5.4.tgz 0ms (cache hit)
495 http cache lucide-react@https://registry.npmjs.org/lucide-react/-/lucide-react-1.34.0.tgz 0ms (cache hit)
496 silly tarball no local data for lucide-react@https://registry.npmjs.org/lucide-react/-/lucide-react-1.34.0.tgz. Extracting by manifest.
497 http fetch GET 200 https://registry.npmjs.org/update-browserslist-db 1252ms (cache miss)
498 silly packumentCache corgi:https://registry.npmjs.org/update-browserslist-db set size:undefined disposed:false
499 http fetch GET 200 https://registry.npmjs.org/baseline-browser-mapping 1336ms (cache miss)
500 silly packumentCache corgi:https://registry.npmjs.org/baseline-browser-mapping set size:undefined disposed:false
501 http cache https://registry.npmjs.org/update-browserslist-db/-/update-browserslist-db-1.3.1.tgz 134ms (cache hit)
502 http fetch GET 200 https://registry.npmjs.org/nanoid 1428ms (cache miss)
503 silly packumentCache corgi:https://registry.npmjs.org/nanoid set size:undefined disposed:false
504 http fetch GET 200 https://registry.npmjs.org/browserslist 1474ms (cache miss)
505 silly packumentCache corgi:https://registry.npmjs.org/browserslist set size:undefined disposed:false
506 http cache https://registry.npmjs.org/baseline-browser-mapping/-/baseline-browser-mapping-2.11.19.tgz 147ms (cache hit)
507 http cache https://registry.npmjs.org/nanoid/-/nanoid-3.3.18.tgz 355ms (cache hit)
508 http cache https://registry.npmjs.org/browserslist/-/browserslist-4.28.8.tgz 355ms (cache hit)
509 http fetch GET 200 https://registry.npmjs.org/rolldown 2230ms (cache miss)
510 silly packumentCache corgi:https://registry.npmjs.org/rolldown set size:undefined disposed:false
511 http cache https://registry.npmjs.org/rolldown/-/rolldown-1.2.6.tgz 102ms (cache hit)
512 http fetch GET 200 https://registry.npmjs.org/lucide-react/-/lucide-react-1.34.0.tgz 44622ms (cache miss)
513 silly CHANGE node_modules/@vitejs/plugin-react
514 silly CHANGE node_modules/@types/react
515 silly CHANGE node_modules/@types/react-dom
516 silly CHANGE node_modules/vite
517 silly CHANGE node_modules/typescript
518 silly CHANGE node_modules/update-browserslist-db
519 silly CHANGE node_modules/tailwindcss
520 silly CHANGE node_modules/rolldown
521 silly CHANGE node_modules/recharts
522 silly CHANGE node_modules/react-dom
523 silly CHANGE node_modules/react
524 silly CHANGE node_modules/postcss
525 silly CHANGE node_modules/nanoid
526 silly CHANGE node_modules/lucide-react
527 silly CHANGE node_modules/baseline-browser-mapping
528 silly CHANGE node_modules/browserslist
529 silly CHANGE node_modules/autoprefixer
530 silly CHANGE node_modules/es-toolkit
531 verbose cwd C:\SIH26142-SRM\frontend
532 verbose os Windows_NT 10.0.26200
533 verbose node v24.19.0
534 verbose npm  v11.17.0
535 verbose exit 0
536 info ok
